   Compiling libc v0.2.189
    Checking cfg-if v1.0.4
   Compiling proc-macro2 v1.0.107
   Compiling unicode-ident v1.0.24
   Compiling quote v1.0.47
   Compiling rustix v1.1.4
    Checking linux-raw-sys v0.12.1
    Checking bitflags v2.13.1
    Checking memchr v2.8.3
   Compiling syn v3.0.4
   Compiling crossbeam-utils v0.8.22
    Checking anstyle v1.0.14
   Compiling getrandom v0.4.3
    Checking typenum v1.20.1
   Compiling crossbeam-epoch v0.9.20
    Checking hybrid-array v0.4.14
    Checking utf8parse v0.2.2
   Compiling crossbeam-deque v0.8.7
   Compiling serde_core v1.0.229
    Checking anstyle-parse v1.0.0
   Compiling zmij v1.0.23
   Compiling rayon-core v1.13.0
   Compiling crc32fast v1.5.1
    Checking anstyle-query v1.1.5
    Checking colorchoice v1.0.5
    Checking once_cell v1.21.4
    Checking fastrand v2.5.0
    Checking is_terminal_polyfill v1.70.2
    Checking tempfile v3.27.0
    Checking anstream v1.0.0
    Checking block-buffer v0.12.1
    Checking crypto-common v0.2.2
    Checking terminal_size v0.4.4
   Compiling autocfg v1.5.1
   Compiling thiserror v2.0.20
   Compiling serde_json v1.0.151
    Checking clap_lex v1.1.0
    Checking const-oid v0.10.2
    Checking simd-adler32 v0.3.10
   Compiling getrandom v0.3.4
    Checking strsim v0.11.1
   Compiling heck v0.5.0
    Checking adler2 v2.0.1
   Compiling serde v1.0.229
    Checking miniz_oxide v0.9.1
   Compiling clap_derive v4.6.4
    Checking clap_builder v4.6.6
    Checking digest v0.11.3
   Compiling num-traits v0.2.19
   Compiling thiserror-impl v2.0.20
   Compiling serde_derive v1.0.229
    Checking either v1.18.0
    Checking cpufeatures v0.3.1
    Checking regex-syntax v0.8.11
    Checking itoa v1.0.18
    Checking sha2 v0.11.0
    Checking rayon v1.12.0
    Checking flate2 v1.1.10
    Checking clap v4.6.6
    Checking aho-corasick v1.1.5
   Compiling zerocopy v0.8.56
    Checking regex-automata v0.4.18
    Checking rand_core v0.9.5
    Checking veritasm v0.4.0-dev.1 (/workspace/scratch/9b3fa4aeffd8/check-clean/veritasm-github)
    Checking wait-timeout v0.2.1
    Checking predicates-core v1.0.10
    Checking ppv-lite86 v0.2.21
    Checking regex v1.13.1
    Checking float-cmp v0.10.0
    Checking fnv v1.0.7
    Checking normalize-line-endings v0.3.0
    Checking quick-error v1.2.3
    Checking bit-vec v0.8.0
    Checking difflib v0.4.0
    Checking termtree v0.5.1
   Compiling assert_cmd v2.2.2
    Checking predicates-tree v1.0.13
    Checking predicates v3.1.4
    Checking bit-set v0.8.0
    Checking rusty-fork v0.3.1
    Checking rand_chacha v0.9.0
    Checking bstr v1.13.1
    Checking rand_xorshift v0.4.0
    Checking rand v0.9.5
    Checking unarray v0.1.4
    Checking proptest v1.11.0
    Finished `dev` profile [unoptimized + debuginfo] target(s) in 1m 26s
