rustc 1.85.0 (4d91de4e4 2025-02-17)
cargo 1.85.0 (d73d2caf9 2024-12-31)
    Blocking waiting for file lock on package cache
    Blocking waiting for file lock on package cache
   Compiling libc v0.2.189
    Checking cfg-if v1.0.4
   Compiling proc-macro2 v1.0.107
   Compiling unicode-ident v1.0.24
   Compiling quote v1.0.47
   Compiling rustix v1.1.4
    Checking linux-raw-sys v0.12.1
    Checking memchr v2.8.3
    Checking bitflags v2.13.1
   Compiling syn v3.0.4
   Compiling crossbeam-utils v0.8.22
   Compiling crossbeam-epoch v0.9.20
   Compiling getrandom v0.4.3
    Checking anstyle v1.0.14
    Checking typenum v1.20.1
    Checking hybrid-array v0.4.14
   Compiling crossbeam-deque v0.8.7
    Checking utf8parse v0.2.2
   Compiling serde_core v1.0.229
    Checking anstyle-parse v1.0.0
    Checking colorchoice v1.0.5
    Checking once_cell v1.21.4
   Compiling crc32fast v1.5.1
    Checking anstyle-query v1.1.5
   Compiling rayon-core v1.13.0
    Checking is_terminal_polyfill v1.70.2
   Compiling zmij v1.0.23
    Checking fastrand v2.5.0
    Checking tempfile v3.27.0
    Checking anstream v1.0.0
    Checking block-buffer v0.12.1
    Checking crypto-common v0.2.2
    Checking terminal_size v0.4.4
    Checking simd-adler32 v0.3.10
    Checking clap_lex v1.1.0
    Checking strsim v0.11.1
    Checking const-oid v0.10.2
   Compiling autocfg v1.5.1
   Compiling serde_json v1.0.151
   Compiling serde v1.0.229
   Compiling heck v0.5.0
    Checking adler2 v2.0.1
   Compiling thiserror v2.0.20
   Compiling getrandom v0.3.4
    Checking miniz_oxide v0.9.1
   Compiling clap_derive v4.6.4
   Compiling num-traits v0.2.19
    Checking digest v0.11.3
    Checking clap_builder v4.6.6
   Compiling serde_derive v1.0.229
   Compiling thiserror-impl v2.0.20
    Checking itoa v1.0.18
    Checking regex-syntax v0.8.11
    Checking cpufeatures v0.3.1
    Checking either v1.18.0
    Checking sha2 v0.11.0
    Checking rayon v1.12.0
    Checking flate2 v1.1.10
    Checking clap v4.6.6
    Checking aho-corasick v1.1.5
   Compiling zerocopy v0.8.56
    Checking rand_core v0.9.5
    Checking regex-automata v0.4.18
    Checking veritasm v0.4.0-dev.1 (/workspace/scratch/9b3fa4aeffd8/work/veritasm-github)
    Checking wait-timeout v0.2.1
    Checking predicates-core v1.0.10
    Checking ppv-lite86 v0.2.21
    Checking regex v1.13.1
    Checking float-cmp v0.10.0
    Checking normalize-line-endings v0.3.0
    Checking difflib v0.4.0
   Compiling assert_cmd v2.2.2
    Checking quick-error v1.2.3
    Checking fnv v1.0.7
    Checking bit-vec v0.8.0
    Checking termtree v0.5.1
    Checking predicates-tree v1.0.13
    Checking bit-set v0.8.0
    Checking rusty-fork v0.3.1
    Checking predicates v3.1.4
    Checking rand_chacha v0.9.0
    Checking bstr v1.13.1
    Checking rand_xorshift v0.4.0
    Checking rand v0.9.5
    Checking unarray v0.1.4
    Checking proptest v1.11.0
    Finished `dev` profile [unoptimized + debuginfo] target(s) in 1m 41s
   Compiling cfg-if v1.0.4
   Compiling libc v0.2.189
   Compiling linux-raw-sys v0.12.1
   Compiling bitflags v2.13.1
   Compiling memchr v2.8.3
   Compiling rustix v1.1.4
   Compiling typenum v1.20.1
   Compiling anstyle v1.0.14
   Compiling hybrid-array v0.4.14
   Compiling crossbeam-utils v0.8.22
   Compiling utf8parse v0.2.2
   Compiling anstyle-parse v1.0.0
   Compiling crossbeam-epoch v0.9.20
   Compiling getrandom v0.4.3
   Compiling fastrand v2.5.0
   Compiling once_cell v1.21.4
   Compiling colorchoice v1.0.5
   Compiling is_terminal_polyfill v1.70.2
   Compiling anstyle-query v1.1.5
   Compiling tempfile v3.27.0
   Compiling anstream v1.0.0
   Compiling crossbeam-deque v0.8.7
   Compiling serde_core v1.0.229
   Compiling block-buffer v0.12.1
   Compiling crypto-common v0.2.2
   Compiling terminal_size v0.4.4
   Compiling adler2 v2.0.1
   Compiling clap_lex v1.1.0
   Compiling simd-adler32 v0.3.10
   Compiling const-oid v0.10.2
   Compiling strsim v0.11.1
   Compiling clap_builder v4.6.6
   Compiling digest v0.11.3
   Compiling miniz_oxide v0.9.1
   Compiling rayon-core v1.13.0
   Compiling zmij v1.0.23
   Compiling crc32fast v1.5.1
   Compiling regex-syntax v0.8.11
   Compiling itoa v1.0.18
   Compiling either v1.18.0
   Compiling cpufeatures v0.3.1
   Compiling sha2 v0.11.0
   Compiling rayon v1.12.0
   Compiling serde_json v1.0.151
   Compiling serde v1.0.229
   Compiling thiserror v2.0.20
   Compiling flate2 v1.1.10
   Compiling clap v4.6.6
   Compiling getrandom v0.3.4
   Compiling aho-corasick v1.1.5
   Compiling rand_core v0.9.5
   Compiling num-traits v0.2.19
   Compiling regex-automata v0.4.18
   Compiling zerocopy v0.8.56
error: failed to build archive at `/workspace/scratch/9b3fa4aeffd8/build-msrv/debug/deps/libregex_automata-1c1c749e18ddea7e.rlib`: failed to map object file: memory map must have a non-zero length

error: could not compile `regex-automata` (lib) due to 1 previous error
warning: build failed, waiting for other jobs to finish...
